// Jest Snapshot v1, https://goo.gl/fbAQLP

exports[`App when the component is called renders correctly 1`] = `
<div>
  <p>
    Hello React Project ... can you load ... ?
  </p>
  <divs>
    uh...Yes I can!
  </divs>
</div>
`;
