// Jest Snapshot v1, https://goo.gl/fbAQLP

exports[`App when the component is called it renders correctly 1`] = `
<div
  className="app"
>
  <p
    className="app__text"
  >
    If you see this, it seems to be working
  </p>
  <div
    className="counter"
  >
    <div
      className="CounterButtonContainer"
    />
    <div
      className="CounterFieldContainer"
    />
  </div>
</div>
`;

exports[`App when the component is called renders correctly 1`] = `
<div
  className="app"
>
  <p
    className="app__text"
  >
    If you see this, it seems to be working
  </p>
  <div
    className="counter"
  >
    <div
      className="CounterButtonContainer"
    />
    <div
      className="CounterFieldContainer"
    />
  </div>
</div>
`;

exports[`Component App when the component is called it renders correctly 1`] = `
<div
  className="app"
>
  <p
    className="app__text"
  >
    If you see this, it seems to be working
  </p>
  <div
    className="counter"
  >
    <div
      className="CounterButtonContainer"
    />
    <div
      className="CounterFieldContainer"
    />
  </div>
</div>
`;
